[INFO] Scanning for projects...
[INFO] 
[INFO] ------------------------< init.data:DataParser >------------------------
[INFO] Building DataParser 0.0.1-SNAPSHOT
[INFO]   from pom.xml
[INFO] --------------------------------[ jar ]---------------------------------
[INFO] 
[INFO] --- resources:3.3.1:resources (default-resources) @ DataParser ---
[INFO] Copying 2 resources from src\main\resources to target\classes
[INFO] Copying 3 resources from src\main\resources to target\classes
[INFO] 
[INFO] --- compiler:3.14.1:compile (default-compile) @ DataParser ---
[INFO] Nothing to compile - all classes are up to date.
[INFO] 
[INFO] --- resources:3.3.1:testResources (default-testResources) @ DataParser ---
[INFO] Copying 1 resource from src\test\resources to target\test-classes
[INFO] 
[INFO] --- compiler:3.14.1:testCompile (default-testCompile) @ DataParser ---
[INFO] Nothing to compile - all classes are up to date.
[INFO] 
[INFO] --- surefire:3.5.4:test (default-test) @ DataParser ---
[INFO] Using auto detected provider org.apache.maven.surefire.junitplatform.JUnitPlatformProvider
[INFO] 
[INFO] -------------------------------------------------------
[INFO]  T E S T S
[INFO] -------------------------------------------------------
[INFO] Running com.nhnacademy.book_data_batch.service.author.parser.AuthorParserAnalysisTest
Standard Commons Logging discovery in action with spring-jcl: please remove commons-logging.jar from classpath in order to avoid potential conflicts
00:32:54.223 [main] INFO org.springframework.test.context.support.AnnotationConfigContextLoaderUtils -- Could not detect default configuration classes for test class [com.nhnacademy.book_data_batch.service.author.parser.AuthorParserAnalysisTest]: AuthorParserAnalysisTest does not declare any static, non-private, non-final, nested classes annotated with @Configuration.
00:32:54.327 [main] INFO org.springframework.boot.test.context.SpringBootTestContextBootstrapper -- Found @SpringBootConfiguration com.nhnacademy.book_data_batch.DataParserApplication for test class com.nhnacademy.book_data_batch.service.author.parser.AuthorParserAnalysisTest

  .   ____          _            __ _ _
 /\\ / ___'_ __ _ _(_)_ __  __ _ \ \ \ \
( ( )\___ | '_ | '_| | '_ \/ _` | \ \ \ \
 \\/  ___)| |_)| | | | | || (_| |  ) ) ) )
  '  |____| .__|_| |_|_| |_\__, | / / / /
 =========|_|==============|___/=/_/_/_/

 :: Spring Boot ::                (v3.5.7)

2025-12-02T00:32:54.616+09:00  INFO 3140 --- [           main] c.n.b.s.a.p.AuthorParserAnalysisTest     : Starting AuthorParserAnalysisTest using Java 23.0.2 with PID 3140 (started by S20203170 in D:\Github_Projects\Book-Data-Parser)
2025-12-02T00:32:54.617+09:00  INFO 3140 --- [           main] c.n.b.s.a.p.AuthorParserAnalysisTest     : No active profile set, falling back to 1 default profile: "default"
2025-12-02T00:32:55.169+09:00  INFO 3140 --- [           main] .s.d.r.c.RepositoryConfigurationDelegate : Multiple Spring Data modules found, entering strict repository configuration mode
2025-12-02T00:32:55.170+09:00  INFO 3140 --- [           main] .s.d.r.c.RepositoryConfigurationDelegate : Bootstrapping Spring Data Elasticsearch repositories in DEFAULT mode.
2025-12-02T00:32:55.238+09:00  INFO 3140 --- [           main] .s.d.r.c.RepositoryConfigurationDelegate : Finished Spring Data repository scanning in 62 ms. Found 1 Elasticsearch repository interface.
2025-12-02T00:32:55.243+09:00  INFO 3140 --- [           main] o.s.b.c.c.annotation.BatchRegistrar      : Finished Spring Batch infrastructure beans configuration in 1 ms.
2025-12-02T00:32:55.451+09:00  INFO 3140 --- [           main] .s.d.r.c.RepositoryConfigurationDelegate : Multiple Spring Data modules found, entering strict repository configuration mode
2025-12-02T00:32:55.452+09:00  INFO 3140 --- [           main] .s.d.r.c.RepositoryConfigurationDelegate : Bootstrapping Spring Data Reactive Elasticsearch repositories in DEFAULT mode.
2025-12-02T00:32:55.497+09:00  INFO 3140 --- [           main] .RepositoryConfigurationExtensionSupport : Spring Data Reactive Elasticsearch - Could not safely identify store assignment for repository candidate interface com.nhnacademy.book_data_batch.repository.AuthorRepository; If you want this repository to be a Reactive Elasticsearch repository, consider annotating your entities with one of these annotations: org.springframework.data.elasticsearch.annotations.Document (preferred), or consider extending one of the following types with your repository: org.springframework.data.elasticsearch.repository.ReactiveElasticsearchRepository
2025-12-02T00:32:55.500+09:00  INFO 3140 --- [           main] .RepositoryConfigurationExtensionSupport : Spring Data Reactive Elasticsearch - Could not safely identify store assignment for repository candidate interface com.nhnacademy.book_data_batch.repository.BatchRepository; If you want this repository to be a Reactive Elasticsearch repository, consider annotating your entities with one of these annotations: org.springframework.data.elasticsearch.annotations.Document (preferred), or consider extending one of the following types with your repository: org.springframework.data.elasticsearch.repository.ReactiveElasticsearchRepository
2025-12-02T00:32:55.502+09:00  INFO 3140 --- [           main] .RepositoryConfigurationExtensionSupport : Spring Data Reactive Elasticsearch - Could not safely identify store assignment for repository candidate interface com.nhnacademy.book_data_batch.repository.BookAuthorRepository; If you want this repository to be a Reactive Elasticsearch repository, consider annotating your entities with one of these annotations: org.springframework.data.elasticsearch.annotations.Document (preferred), or consider extending one of the following types with your repository: org.springframework.data.elasticsearch.repository.ReactiveElasticsearchRepository
2025-12-02T00:32:55.504+09:00  INFO 3140 --- [           main] .RepositoryConfigurationExtensionSupport : Spring Data Reactive Elasticsearch - Could not safely identify store assignment for repository candidate interface com.nhnacademy.book_data_batch.repository.BookImageRepository; If you want this repository to be a Reactive Elasticsearch repository, consider annotating your entities with one of these annotations: org.springframework.data.elasticsearch.annotations.Document (preferred), or consider extending one of the following types with your repository: org.springframework.data.elasticsearch.repository.ReactiveElasticsearchRepository
2025-12-02T00:32:55.507+09:00  INFO 3140 --- [           main] .RepositoryConfigurationExtensionSupport : Spring Data Reactive Elasticsearch - Could not safely identify store assignment for repository candidate interface com.nhnacademy.book_data_batch.repository.BookRepository; If you want this repository to be a Reactive Elasticsearch repository, consider annotating your entities with one of these annotations: org.springframework.data.elasticsearch.annotations.Document (preferred), or consider extending one of the following types with your repository: org.springframework.data.elasticsearch.repository.ReactiveElasticsearchRepository
2025-12-02T00:32:55.508+09:00  INFO 3140 --- [           main] .RepositoryConfigurationExtensionSupport : Spring Data Reactive Elasticsearch - Could not safely identify store assignment for repository candidate interface com.nhnacademy.book_data_batch.repository.BookTagRepository; If you want this repository to be a Reactive Elasticsearch repository, consider annotating your entities with one of these annotations: org.springframework.data.elasticsearch.annotations.Document (preferred), or consider extending one of the following types with your repository: org.springframework.data.elasticsearch.repository.ReactiveElasticsearchRepository
2025-12-02T00:32:55.509+09:00  INFO 3140 --- [           main] .RepositoryConfigurationExtensionSupport : Spring Data Reactive Elasticsearch - Could not safely identify store assignment for repository candidate interface com.nhnacademy.book_data_batch.repository.CategoryRepository; If you want this repository to be a Reactive Elasticsearch repository, consider annotating your entities with one of these annotations: org.springframework.data.elasticsearch.annotations.Document (preferred), or consider extending one of the following types with your repository: org.springframework.data.elasticsearch.repository.ReactiveElasticsearchRepository
2025-12-02T00:32:55.511+09:00  INFO 3140 --- [           main] .RepositoryConfigurationExtensionSupport : Spring Data Reactive Elasticsearch - Could not safely identify store assignment for repository candidate interface com.nhnacademy.book_data_batch.repository.PublisherRepository; If you want this repository to be a Reactive Elasticsearch repository, consider annotating your entities with one of these annotations: org.springframework.data.elasticsearch.annotations.Document (preferred), or consider extending one of the following types with your repository: org.springframework.data.elasticsearch.repository.ReactiveElasticsearchRepository
2025-12-02T00:32:55.517+09:00  INFO 3140 --- [           main] .RepositoryConfigurationExtensionSupport : Spring Data Reactive Elasticsearch - Could not safely identify store assignment for repository candidate interface com.nhnacademy.book_data_batch.repository.TagRepository; If you want this repository to be a Reactive Elasticsearch repository, consider annotating your entities with one of these annotations: org.springframework.data.elasticsearch.annotations.Document (preferred), or consider extending one of the following types with your repository: org.springframework.data.elasticsearch.repository.ReactiveElasticsearchRepository
2025-12-02T00:32:55.517+09:00  INFO 3140 --- [           main] .s.d.r.c.RepositoryConfigurationDelegate : Finished Spring Data repository scanning in 63 ms. Found 0 Reactive Elasticsearch repository interfaces.
2025-12-02T00:32:55.525+09:00  INFO 3140 --- [           main] .s.d.r.c.RepositoryConfigurationDelegate : Multiple Spring Data modules found, entering strict repository configuration mode
2025-12-02T00:32:55.526+09:00  INFO 3140 --- [           main] .s.d.r.c.RepositoryConfigurationDelegate : Bootstrapping Spring Data JPA repositories in DEFAULT mode.
2025-12-02T00:32:55.553+09:00  INFO 3140 --- [           main] .RepositoryConfigurationExtensionSupport : Spring Data JPA - Could not safely identify store assignment for repository candidate interface com.nhnacademy.book_data_batch.repository.search.BookSearchRepository; If you want this repository to be a JPA repository, consider annotating your entities with one of these annotations: jakarta.persistence.Entity, jakarta.persistence.MappedSuperclass (preferred), or consider extending one of the following types with your repository: org.springframework.data.jpa.repository.JpaRepository
2025-12-02T00:32:55.582+09:00  INFO 3140 --- [           main] .s.d.r.c.RepositoryConfigurationDelegate : Finished Spring Data repository scanning in 52 ms. Found 9 JPA repository interfaces.
2025-12-02T00:32:55.602+09:00  INFO 3140 --- [           main] .s.d.r.c.RepositoryConfigurationDelegate : Multiple Spring Data modules found, entering strict repository configuration mode
2025-12-02T00:32:55.604+09:00  INFO 3140 --- [           main] .s.d.r.c.RepositoryConfigurationDelegate : Bootstrapping Spring Data Redis repositories in DEFAULT mode.
2025-12-02T00:32:55.629+09:00  INFO 3140 --- [           main] .RepositoryConfigurationExtensionSupport : Spring Data Redis - Could not safely identify store assignment for repository candidate interface com.nhnacademy.book_data_batch.repository.AuthorRepository; If you want this repository to be a Redis repository, consider annotating your entities with one of these annotations: org.springframework.data.redis.core.RedisHash (preferred), or consider extending one of the following types with your repository: org.springframework.data.keyvalue.repository.KeyValueRepository
2025-12-02T00:32:55.629+09:00  INFO 3140 --- [           main] .RepositoryConfigurationExtensionSupport : Spring Data Redis - Could not safely identify store assignment for repository candidate interface com.nhnacademy.book_data_batch.repository.BatchRepository; If you want this repository to be a Redis repository, consider annotating your entities with one of these annotations: org.springframework.data.redis.core.RedisHash (preferred), or consider extending one of the following types with your repository: org.springframework.data.keyvalue.repository.KeyValueRepository
2025-12-02T00:32:55.629+09:00  INFO 3140 --- [           main] .RepositoryConfigurationExtensionSupport : Spring Data Redis - Could not safely identify store assignment for repository candidate interface com.nhnacademy.book_data_batch.repository.BookAuthorRepository; If you want this repository to be a Redis repository, consider annotating your entities with one of these annotations: org.springframework.data.redis.core.RedisHash (preferred), or consider extending one of the following types with your repository: org.springframework.data.keyvalue.repository.KeyValueRepository
2025-12-02T00:32:55.630+09:00  INFO 3140 --- [           main] .RepositoryConfigurationExtensionSupport : Spring Data Redis - Could not safely identify store assignment for repository candidate interface com.nhnacademy.book_data_batch.repository.BookImageRepository; If you want this repository to be a Redis repository, consider annotating your entities with one of these annotations: org.springframework.data.redis.core.RedisHash (preferred), or consider extending one of the following types with your repository: org.springframework.data.keyvalue.repository.KeyValueRepository
2025-12-02T00:32:55.630+09:00  INFO 3140 --- [           main] .RepositoryConfigurationExtensionSupport : Spring Data Redis - Could not safely identify store assignment for repository candidate interface com.nhnacademy.book_data_batch.repository.BookRepository; If you want this repository to be a Redis repository, consider annotating your entities with one of these annotations: org.springframework.data.redis.core.RedisHash (preferred), or consider extending one of the following types with your repository: org.springframework.data.keyvalue.repository.KeyValueRepository
2025-12-02T00:32:55.630+09:00  INFO 3140 --- [           main] .RepositoryConfigurationExtensionSupport : Spring Data Redis - Could not safely identify store assignment for repository candidate interface com.nhnacademy.book_data_batch.repository.BookTagRepository; If you want this repository to be a Redis repository, consider annotating your entities with one of these annotations: org.springframework.data.redis.core.RedisHash (preferred), or consider extending one of the following types with your repository: org.springframework.data.keyvalue.repository.KeyValueRepository
2025-12-02T00:32:55.630+09:00  INFO 3140 --- [           main] .RepositoryConfigurationExtensionSupport : Spring Data Redis - Could not safely identify store assignment for repository candidate interface com.nhnacademy.book_data_batch.repository.CategoryRepository; If you want this repository to be a Redis repository, consider annotating your entities with one of these annotations: org.springframework.data.redis.core.RedisHash (preferred), or consider extending one of the following types with your repository: org.springframework.data.keyvalue.repository.KeyValueRepository
2025-12-02T00:32:55.630+09:00  INFO 3140 --- [           main] .RepositoryConfigurationExtensionSupport : Spring Data Redis - Could not safely identify store assignment for repository candidate interface com.nhnacademy.book_data_batch.repository.PublisherRepository; If you want this repository to be a Redis repository, consider annotating your entities with one of these annotations: org.springframework.data.redis.core.RedisHash (preferred), or consider extending one of the following types with your repository: org.springframework.data.keyvalue.repository.KeyValueRepository
2025-12-02T00:32:55.630+09:00  INFO 3140 --- [           main] .RepositoryConfigurationExtensionSupport : Spring Data Redis - Could not safely identify store assignment for repository candidate interface com.nhnacademy.book_data_batch.repository.search.BookSearchRepository; If you want this repository to be a Redis repository, consider annotating your entities with one of these annotations: org.springframework.data.redis.core.RedisHash (preferred), or consider extending one of the following types with your repository: org.springframework.data.keyvalue.repository.KeyValueRepository
2025-12-02T00:32:55.630+09:00  INFO 3140 --- [           main] .RepositoryConfigurationExtensionSupport : Spring Data Redis - Could not safely identify store assignment for repository candidate interface com.nhnacademy.book_data_batch.repository.TagRepository; If you want this repository to be a Redis repository, consider annotating your entities with one of these annotations: org.springframework.data.redis.core.RedisHash (preferred), or consider extending one of the following types with your repository: org.springframework.data.keyvalue.repository.KeyValueRepository
2025-12-02T00:32:55.630+09:00  INFO 3140 --- [           main] .s.d.r.c.RepositoryConfigurationDelegate : Finished Spring Data repository scanning in 17 ms. Found 0 Redis repository interfaces.
2025-12-02T00:32:56.233+09:00  INFO 3140 --- [           main] o.hibernate.jpa.internal.util.LogHelper  : HHH000204: Processing PersistenceUnitInfo [name: default]
2025-12-02T00:32:56.360+09:00  INFO 3140 --- [           main] org.hibernate.Version                    : HHH000412: Hibernate ORM core version 6.6.33.Final
2025-12-02T00:32:56.404+09:00  INFO 3140 --- [           main] o.h.c.internal.RegionFactoryInitiator    : HHH000026: Second-level cache disabled
2025-12-02T00:32:56.604+09:00  INFO 3140 --- [           main] o.s.o.j.p.SpringPersistenceUnitInfo      : No LoadTimeWeaver setup: ignoring JPA class transformer
2025-12-02T00:32:56.622+09:00  INFO 3140 --- [           main] com.zaxxer.hikari.HikariDataSource       : HikariPool-1 - Starting...
2025-12-02T00:32:56.972+09:00  INFO 3140 --- [           main] com.zaxxer.hikari.pool.HikariPool        : HikariPool-1 - Added connection com.mysql.cj.jdbc.ConnectionImpl@10ba9780
2025-12-02T00:32:56.973+09:00  INFO 3140 --- [           main] com.zaxxer.hikari.HikariDataSource       : HikariPool-1 - Start completed.
2025-12-02T00:32:57.040+09:00  WARN 3140 --- [           main] org.hibernate.orm.deprecation            : HHH90000025: MySQLDialect does not need to be specified explicitly using 'hibernate.dialect' (remove the property setting and it will be selected by default)
2025-12-02T00:32:57.058+09:00  INFO 3140 --- [           main] org.hibernate.orm.connections.pooling    : HHH10001005: Database info:
	Database JDBC URL [Connecting through datasource 'HikariDataSource (HikariPool-1)']
	Database driver: undefined/unknown
	Database version: 8.0.41
	Autocommit mode: undefined/unknown
	Isolation level: undefined/unknown
	Minimum pool size: undefined/unknown
	Maximum pool size: undefined/unknown
2025-12-02T00:32:58.166+09:00  INFO 3140 --- [           main] o.h.e.t.j.p.i.JtaPlatformInitiator       : HHH000489: No JTA platform available (set 'hibernate.transaction.jta.platform' to enable JTA platform integration)
2025-12-02T00:32:58.990+09:00  INFO 3140 --- [           main] j.LocalContainerEntityManagerFactoryBean : Initialized JPA EntityManagerFactory for persistence unit 'default'
2025-12-02T00:32:59.013+09:00  INFO 3140 --- [           main] o.s.b.c.r.s.JobRepositoryFactoryBean     : No database type set, using meta data indicating: MYSQL
2025-12-02T00:33:00.535+09:00  WARN 3140 --- [           main] o.s.b.c.l.AbstractListenerFactoryBean    : org.springframework.batch.item.ItemProcessor is an interface. The implementing class will not be queried for annotation based listener configurations. If using @StepScope on a @Bean method, be sure to return the implementing class so listener annotations can be used.
2025-12-02T00:33:00.557+09:00  INFO 3140 --- [           main] .c.a.BatchObservabilityBeanPostProcessor : No Micrometer observation registry found, defaulting to ObservationRegistry.NOOP
2025-12-02T00:33:00.563+09:00  INFO 3140 --- [           main] .c.a.BatchObservabilityBeanPostProcessor : No Micrometer observation registry found, defaulting to ObservationRegistry.NOOP
2025-12-02T00:33:00.570+09:00  INFO 3140 --- [           main] .c.a.BatchObservabilityBeanPostProcessor : No Micrometer observation registry found, defaulting to ObservationRegistry.NOOP
2025-12-02T00:33:00.574+09:00  INFO 3140 --- [           main] .c.a.BatchObservabilityBeanPostProcessor : No Micrometer observation registry found, defaulting to ObservationRegistry.NOOP
2025-12-02T00:33:00.585+09:00  INFO 3140 --- [           main] .c.a.BatchObservabilityBeanPostProcessor : No Micrometer observation registry found, defaulting to ObservationRegistry.NOOP
2025-12-02T00:33:00.587+09:00  INFO 3140 --- [           main] .c.a.BatchObservabilityBeanPostProcessor : No Micrometer observation registry found, defaulting to ObservationRegistry.NOOP
2025-12-02T00:33:00.588+09:00  INFO 3140 --- [           main] .c.a.BatchObservabilityBeanPostProcessor : No Micrometer observation registry found, defaulting to ObservationRegistry.NOOP
2025-12-02T00:33:00.598+09:00  WARN 3140 --- [           main] o.s.b.c.l.AbstractListenerFactoryBean    : org.springframework.batch.item.ItemProcessor is an interface. The implementing class will not be queried for annotation based listener configurations. If using @StepScope on a @Bean method, be sure to return the implementing class so listener annotations can be used.
2025-12-02T00:33:00.599+09:00  INFO 3140 --- [           main] .c.a.BatchObservabilityBeanPostProcessor : No Micrometer observation registry found, defaulting to ObservationRegistry.NOOP
2025-12-02T00:33:00.600+09:00  WARN 3140 --- [           main] o.s.b.c.l.AbstractListenerFactoryBean    : org.springframework.batch.item.ItemProcessor is an interface. The implementing class will not be queried for annotation based listener configurations. If using @StepScope on a @Bean method, be sure to return the implementing class so listener annotations can be used.
2025-12-02T00:33:00.601+09:00  INFO 3140 --- [           main] .c.a.BatchObservabilityBeanPostProcessor : No Micrometer observation registry found, defaulting to ObservationRegistry.NOOP
2025-12-02T00:33:00.602+09:00  WARN 3140 --- [           main] o.s.b.c.l.AbstractListenerFactoryBean    : org.springframework.batch.item.ItemProcessor is an interface. The implementing class will not be queried for annotation based listener configurations. If using @StepScope on a @Bean method, be sure to return the implementing class so listener annotations can be used.
2025-12-02T00:33:00.602+09:00  INFO 3140 --- [           main] .c.a.BatchObservabilityBeanPostProcessor : No Micrometer observation registry found, defaulting to ObservationRegistry.NOOP
2025-12-02T00:33:00.603+09:00  INFO 3140 --- [           main] .c.a.BatchObservabilityBeanPostProcessor : No Micrometer observation registry found, defaulting to ObservationRegistry.NOOP
2025-12-02T00:33:01.120+09:00  INFO 3140 --- [           main] c.n.b.s.a.p.AuthorParserAnalysisTest     : Started AuthorParserAnalysisTest in 6.701 seconds (process running for 7.391)
2025-12-02T00:33:01.123+09:00  INFO 3140 --- [           main] c.n.b.batch.config.ManualJobLauncher     : spring.batch.job.name ???? ???? ???? ????? ???????? ??????.
.\mvnw : Mockito is currently self-attaching to enable the inline-mock-maker. This will no longer work in future releases of the JDK. Please add Mockito as an agent t
o your build as described in Mockito's documentation: https://javadoc.io/doc/org.mockito/mockito-core/latest/org.mockito/org/mockito/Mockito.html#0.3
위치 줄:1 문자:1
+ .\mvnw test -Dtest=AuthorParserAnalysisTest > test_output.log 2>&1; G ...
+ ~~~~~~~~~~~~~~~~~~~~~~~~~~~~~~~~~~~~~~~~~~~~~~~~~~~~~~~~~~~~~~~~~~
    + CategoryInfo          : NotSpecified: (Mockito is curr...ockito.html#0.3:String) [], RemoteException
    + FullyQualifiedErrorId : NativeCommandError
 
Java HotSpot(TM) 64-Bit Server VM warning: Sharing is only supported for boot loader classes because bootstrap classpath has been appended
WARNING: A Java agent has been loaded dynamically (C:\Users\S20203170\.m2\repository\net\bytebuddy\byte-buddy-agent\1.17.8\byte-buddy-agent-1.17.8.jar)
WARNING: If a serviceability tool is in use, please run with -XX:+EnableDynamicAgentLoading to hide this warning
WARNING: If a serviceability tool is not in use, please run with -Djdk.instrument.traceUsage for more information
WARNING: Dynamic loading of agents will be disallowed by default in a future release
2025-12-02T00:33:02.466+09:00  INFO 3140 --- [           main] c.n.b.s.a.p.AuthorParserAnalysisTest     : === ??? ??? ===
2025-12-02T00:33:02.467+09:00  INFO 3140 --- [           main] c.n.b.s.a.p.AuthorParserAnalysisTest     : ???: 157039??, ????: 125019?? (79.61%)
2025-12-02T00:33:02.467+09:00  INFO 3140 --- [           main] c.n.b.s.a.p.AuthorParserAnalysisTest     : --- ????? ??? (???? ???? / ???? ????) ---
2025-12-02T00:33:02.819+09:00  INFO 3140 --- [           main] c.n.b.s.a.p.AuthorParserAnalysisTest     :   [20] RoleColonParser: 52611?? / 52611?? (33.50%)
2025-12-02T00:33:03.237+09:00  INFO 3140 --- [           main] c.n.b.s.a.p.AuthorParserAnalysisTest     :   [40] RoleSuffixParser: 62280?? / 62536?? (39.82%)
2025-12-02T00:33:03.277+09:00  INFO 3140 --- [           main] c.n.b.s.a.p.AuthorParserAnalysisTest     :   [60] ParenthesesRoleParser: 10128?? / 10129?? (6.45%)
2025-12-02T00:33:03.277+09:00  INFO 3140 --- [           main] c.n.b.s.a.p.AuthorParserAnalysisTest     : --- ????? (???? 10??) ---
2025-12-02T00:33:03.278+09:00  INFO 3140 --- [           main] c.n.b.s.a.p.AuthorParserAnalysisTest     :   ??????: 127172??
2025-12-02T00:33:03.278+09:00  INFO 3140 --- [           main] c.n.b.s.a.p.AuthorParserAnalysisTest     :   ??????: 18799??
2025-12-02T00:33:03.278+09:00  INFO 3140 --- [           main] c.n.b.s.a.p.AuthorParserAnalysisTest     :   ?????: 18577??
2025-12-02T00:33:03.278+09:00  INFO 3140 --- [           main] c.n.b.s.a.p.AuthorParserAnalysisTest     :   ???: 11162??
2025-12-02T00:33:03.278+09:00  INFO 3140 --- [           main] c.n.b.s.a.p.AuthorParserAnalysisTest     :   ?????????: 2284??
2025-12-02T00:33:03.278+09:00  INFO 3140 --- [           main] c.n.b.s.a.p.AuthorParserAnalysisTest     :   ????: 1780??
2025-12-02T00:33:03.278+09:00  INFO 3140 --- [           main] c.n.b.s.a.p.AuthorParserAnalysisTest     :   ???: 809??
2025-12-02T00:33:03.278+09:00  INFO 3140 --- [           main] c.n.b.s.a.p.AuthorParserAnalysisTest     :   ????: 425??
2025-12-02T00:33:03.278+09:00  INFO 3140 --- [           main] c.n.b.s.a.p.AuthorParserAnalysisTest     :   ???????: 334??
2025-12-02T00:33:03.278+09:00  INFO 3140 --- [           main] c.n.b.s.a.p.AuthorParserAnalysisTest     :   ???: 293??
2025-12-02T00:33:03.278+09:00  INFO 3140 --- [           main] c.n.b.s.a.p.AuthorParserAnalysisTest     : --- ????? (30) ---
2025-12-02T00:33:03.278+09:00  INFO 3140 --- [           main] c.n.b.s.a.p.AuthorParserAnalysisTest     :   ???? ????: 27??, ???: 3??
2025-12-02T00:33:03.279+09:00  INFO 3140 --- [           main] c.n.b.s.a.p.AuthorParserAnalysisTest     :   - ???????????????????? ???????
2025-12-02T00:33:03.279+09:00  INFO 3140 --- [           main] c.n.b.s.a.p.AuthorParserAnalysisTest     :   - ???
2025-12-02T00:33:03.279+09:00  INFO 3140 --- [           main] c.n.b.s.a.p.AuthorParserAnalysisTest     :   - ???? ??????б? ?????????ð?
2025-12-02T00:33:03.279+09:00  INFO 3140 --- [           main] c.n.b.s.a.p.AuthorParserAnalysisTest     :   - ????????????? ???????????
2025-12-02T00:33:03.279+09:00  INFO 3140 --- [           main] c.n.b.s.a.p.AuthorParserAnalysisTest     :   - ?????
2025-12-02T00:33:03.279+09:00  INFO 3140 --- [           main] c.n.b.s.a.p.AuthorParserAnalysisTest     :   - ????????????
2025-12-02T00:33:03.279+09:00  INFO 3140 --- [           main] c.n.b.s.a.p.AuthorParserAnalysisTest     :   - ??????
2025-12-02T00:33:03.279+09:00  INFO 3140 --- [           main] c.n.b.s.a.p.AuthorParserAnalysisTest     :   - ??????
2025-12-02T00:33:03.279+09:00  INFO 3140 --- [           main] c.n.b.s.a.p.AuthorParserAnalysisTest     :   - ????
2025-12-02T00:33:03.279+09:00  INFO 3140 --- [           main] c.n.b.s.a.p.AuthorParserAnalysisTest     :   - ??????
[INFO] Tests run: 1, Failures: 0, Errors: 0, Skipped: 0, Time elapsed: 9.191 s -- in com.nhnacademy.book_data_batch.service.author.parser.AuthorParserAnalysisTest
[INFO] 
[INFO] Results:
[INFO] 
[INFO] Tests run: 1, Failures: 0, Errors: 0, Skipped: 0
[INFO] 
[INFO] ------------------------------------------------------------------------
[INFO] BUILD SUCCESS
[INFO] ------------------------------------------------------------------------
[INFO] Total time:  11.070 s
[INFO] Finished at: 2025-12-02T00:33:03+09:00
[INFO] ------------------------------------------------------------------------
